// Jest Snapshot v1, https://goo.gl/fbAQLP

exports[`parseCommand alreadyUsedOption 1`] = `
{
  "suggestions": [
    {
      "allNames": [
        "--bug-report",
      ],
      "description": "Display system information for bug report",
      "icon": "‚öôÔ∏è",
      "name": "--bug-report",
    },
  ],
}
`;

exports[`parseCommand alreadyUsedSuggestion 1`] = `undefined`;

exports[`parseCommand command 1`] = `
{
  "suggestions": [
    {
      "allNames": [
        "stage",
      ],
      "description": "Add file contents to the staging area",
      "icon": "üì¶",
      "name": "stage",
    },
    {
      "allNames": [
        "status",
      ],
      "description": "Show the working tree status",
      "icon": "üì¶",
      "name": "status",
    },
    {
      "allNames": [
        "stash",
      ],
      "description": "Temporarily stores all the modified tracked files",
      "icon": "üì¶",
      "name": "stash",
    },
  ],
}
`;

exports[`parseCommand completePrefixFilter 1`] = `
{
  "suggestions": [
    {
      "allNames": [
        "status",
      ],
      "description": "Show the working tree status",
      "icon": "üì¶",
      "name": "status",
    },
  ],
}
`;

exports[`parseCommand completedOptionWithArg 1`] = `
{
  "suggestions": [
    {
      "allNames": [
        "--artifact-server-path",
      ],
      "description": "Defines the path where the artifact server stores uploads and retrieves downloads from. If not specified the artifact server will not start",
      "icon": "‚öôÔ∏è",
      "name": "--artifact-server-path",
    },
    {
      "allNames": [
        "--artifact-server-port",
      ],
      "description": "Defines the port where the artifact server listens (will only bind to localhost)",
      "icon": "‚öôÔ∏è",
      "name": "--artifact-server-port",
    },
    {
      "allNames": [
        "--container-architecture",
      ],
      "description": "Architecture which should be used to run containers, e.g.: linux/amd64. If not specified, will use host default architecture. Requires Docker server API Version 1.41+. Ignored on earlier Docker server platforms",
      "icon": "‚öôÔ∏è",
      "name": "--container-architecture",
    },
    {
      "allNames": [
        "--container-daemon-socket",
      ],
      "description": "Path to Docker daemon socket which will be mounted to containers",
      "icon": "‚öôÔ∏è",
      "name": "--container-daemon-socket",
    },
    {
      "allNames": [
        "--directory",
        "-C",
      ],
      "description": "Working directory",
      "icon": "‚öôÔ∏è",
      "name": "--directory",
    },
    {
      "allNames": [
        "--dryrun",
        "-n",
      ],
      "description": "Dryrun mode",
      "icon": "‚öôÔ∏è",
      "name": "--dryrun",
    },
    {
      "allNames": [
        "--env-file",
      ],
      "description": "Environment file to read and use as env in the containers",
      "icon": "‚öôÔ∏è",
      "name": "--env-file",
    },
    {
      "allNames": [
        "--github-instance",
      ],
      "description": "GitHub instance to use. Don't use this if you are not using GitHub Enterprise Server",
      "icon": "‚öôÔ∏è",
      "name": "--github-instance",
    },
    {
      "allNames": [
        "--insecure-secrets",
      ],
      "description": "NOT RECOMMENDED! Doesn't hide secrets while printing logs",
      "icon": "‚öôÔ∏è",
      "name": "--insecure-secrets",
    },
    {
      "allNames": [
        "--json",
      ],
      "description": "Output logs in json format",
      "icon": "‚öôÔ∏è",
      "name": "--json",
    },
    {
      "allNames": [
        "--no-recurse",
      ],
      "description": "Flag to disable running workflows from subdirectories of specified path in '--workflows'/'-W' flag",
      "icon": "‚öôÔ∏è",
      "name": "--no-recurse",
    },
    {
      "allNames": [
        "--no-skip-checkout",
      ],
      "description": "Do not skip actions/checkout",
      "icon": "‚öôÔ∏è",
      "name": "--no-skip-checkout",
    },
    {
      "allNames": [
        "--quiet",
        "-q",
      ],
      "description": "Disable logging of output from steps",
      "icon": "‚öôÔ∏è",
      "name": "--quiet",
    },
    {
      "allNames": [
        "--secret-file",
      ],
      "description": "File with list of secrets to read from (e.g. --secret-file .secrets)",
      "icon": "‚öôÔ∏è",
      "name": "--secret-file",
    },
    {
      "allNames": [
        "--verbose",
        "-v",
      ],
      "description": "Verbose output",
      "icon": "‚öôÔ∏è",
      "name": "--verbose",
    },
    {
      "allNames": [
        "--workflows",
        "-W",
      ],
      "description": "Path to workflow file(s)",
      "icon": "‚öôÔ∏è",
      "name": "--workflows",
    },
    {
      "allNames": [
        "--help",
        "-h",
      ],
      "description": "Display help",
      "icon": "‚öôÔ∏è",
      "name": "--help",
    },
    {
      "allNames": [
        "--no-descriptions",
      ],
      "description": "Disable completion descriptions",
      "icon": "‚öôÔ∏è",
      "name": "--no-descriptions",
    },
  ],
}
`;

exports[`parseCommand emptySuggestions 1`] = `
{
  "suggestions": [],
}
`;

exports[`parseCommand exclusiveOnOption 1`] = `
{
  "suggestions": [
    {
      "allNames": [
        "--nobreak",
      ],
      "description": "Print a newline between matches in different files. Enabled by default",
      "icon": "‚öôÔ∏è",
      "name": "--nobreak",
    },
    {
      "allNames": [
        "--nocolor",
      ],
      "description": "Don't print color codes in results",
      "icon": "‚öôÔ∏è",
      "name": "--nocolor",
    },
    {
      "allNames": [
        "--nofilename",
      ],
      "description": "Don't print file names",
      "icon": "‚öôÔ∏è",
      "name": "--nofilename",
    },
    {
      "allNames": [
        "--nofollow",
      ],
      "description": "Don't follow symlinks",
      "icon": "‚öôÔ∏è",
      "name": "--nofollow",
    },
    {
      "allNames": [
        "--nogroup",
      ],
      "description": "Refrains from lumping matches in the same file together, and instead places the filename at the start of each match line",
      "icon": "‚öôÔ∏è",
      "name": "--nogroup",
    },
    {
      "allNames": [
        "--noheading",
      ],
      "description": "Don't print filenames above matching contents",
      "icon": "‚öôÔ∏è",
      "name": "--noheading",
    },
    {
      "allNames": [
        "--nommap",
      ],
      "description": "Don't use of memory-mapped I/O. Defaults to true on platforms where mmap() is faster than read(). (All but macOS.)",
      "icon": "‚öôÔ∏è",
      "name": "--nommap",
    },
    {
      "allNames": [
        "--nomultiline",
      ],
      "description": "Don't match regexes across newlines",
      "icon": "‚öôÔ∏è",
      "name": "--nomultiline",
    },
    {
      "allNames": [
        "-n",
        "--norecurse",
      ],
      "description": "Don't recurse into directories",
      "icon": "‚öôÔ∏è",
      "name": "--norecurse",
    },
    {
      "allNames": [
        "--nonumbers",
      ],
      "description": "Don't print line numbers",
      "icon": "‚öôÔ∏è",
      "name": "--nonumbers",
    },
  ],
}
`;

exports[`parseCommand fullyTypedSuggestion 1`] = `
{
  "suggestions": [
    {
      "allNames": [
        "-W",
      ],
      "description": "Display whiteouts when scanning directories.  (-S) flag)",
      "icon": "‚öôÔ∏è",
      "name": "-W",
    },
    {
      "allNames": [
        "-w",
      ],
      "description": "Force raw printing of non-printable characters.  This is the default when output is not to a terminal",
      "icon": "‚öôÔ∏è",
      "name": "-w",
    },
  ],
}
`;

exports[`parseCommand loadSpec 1`] = `
{
  "suggestions": [
    {
      "allNames": [
        "add-tags-to-certificate",
      ],
      "description": "Adds one or more tags to an ACM certificate. Tags are labels that you can use to identify and organize your AWS resources. Each tag consists of a key and an optional value. You specify the certificate on input by its Amazon Resource Name (ARN). You specify the tag by using a key-value pair.  You can apply a tag to just one certificate if you want to identify a specific characteristic of that certificate, or you can apply the same tag to multiple certificates if you want to filter for a common relationship among those certificates. Similarly, you can apply the same tag to multiple resources if you want to specify a relationship among those resources. For example, you can add the same tag to an ACM certificate and an Elastic Load Balancing load balancer to indicate that they are both used by the same website. For more information, see Tagging ACM certificates.  To remove one or more tags, use the RemoveTagsFromCertificate action. To view all of the tags that have been applied to the certificate, use the ListTagsForCertificate action",
      "icon": "üì¶",
      "name": "add-tags-to-certificate",
    },
  ],
}
`;

exports[`parseCommand noOptionsSuggestedAfterVariadicArg 1`] = `
{
  "argumentDescription": undefined,
  "suggestions": [],
}
`;

exports[`parseCommand partialPrefixFilter 1`] = `
{
  "suggestions": [
    {
      "allNames": [
        "stage",
      ],
      "description": "Add file contents to the staging area",
      "icon": "üì¶",
      "name": "stage",
    },
    {
      "allNames": [
        "status",
      ],
      "description": "Show the working tree status",
      "icon": "üì¶",
      "name": "status",
    },
    {
      "allNames": [
        "stash",
      ],
      "description": "Temporarily stores all the modified tracked files",
      "icon": "üì¶",
      "name": "stash",
    },
  ],
}
`;

exports[`parseCommand providedArgDescription 1`] = `
{
  "argumentDescription": "actor",
  "suggestions": [],
}
`;

exports[`parseCommand providedSuggestion 1`] = `
{
  "argumentDescription": "Shell to generate completions for",
  "suggestions": [
    {
      "allNames": [
        "zsh",
      ],
      "description": undefined,
      "icon": "üìÄ",
      "name": "zsh",
    },
  ],
}
`;
